Component: ARM Compiler 5.06 update 5 (build 528) Tool: armlink [4d35e2]

==============================================================================

Section Cross References

    asm_7seg2sw.o(RESET) refers to asm_7seg2sw.o(STACK) for __initial_sp
    asm_7seg2sw.o(RESET) refers to asm_7seg2sw.o(.text) for Reset_Handler
    asm_7seg2sw.o(RESET) refers to asm_7seg2sw.o(Handlers) for NMI_Handler


==============================================================================

Image Symbol Table

    Local Symbols

    Symbol Name                              Value     Ov Type        Size  Object(Section)

    asm_7seg2sw.s                            0x00000000   Number         0  asm_7seg2sw.o ABSOLUTE
    RESET                                    0x08000000   Section       64  asm_7seg2sw.o(RESET)
    .text                                    0x08000040   Section      184  asm_7seg2sw.o(.text)
    data                                     0x08000094   Data           4  asm_7seg2sw.o(.text)
    Handlers                                 0x080000f8   Section       18  asm_7seg2sw.o(Handlers)
    STACK                                    0x20000000   Section     1024  asm_7seg2sw.o(STACK)
    __initial_sp                             0x20000400   Data           0  asm_7seg2sw.o(STACK)

    Global Symbols

    Symbol Name                              Value     Ov Type        Size  Object(Section)

    BuildAttributes$$THM_ISAv4$P$D$K$B$S$PE$A:L22UL41UL21$X:L11$S22US41US21$IEEE1$IW$USESV6$~STKCKD$USESV7$~SHL$OSPACE$EBA8$STANDARDLIB$PRES8$EABIv2 0x00000000   Number         0  anon$$obj.o ABSOLUTE
    __Vectors                                0x08000000   Data           4  asm_7seg2sw.o(RESET)
    Reset_Handler                            0x08000041   Thumb Code    82  asm_7seg2sw.o(.text)
    NMI_Handler                              0x080000f9   Thumb Code     2  asm_7seg2sw.o(Handlers)
    HardFault_Handler                        0x080000fb   Thumb Code     2  asm_7seg2sw.o(Handlers)
    MemManage_Handler                        0x080000fd   Thumb Code     2  asm_7seg2sw.o(Handlers)
    BusFault_Handler                         0x080000ff   Thumb Code     2  asm_7seg2sw.o(Handlers)
    UsageFault_Handler                       0x08000101   Thumb Code     2  asm_7seg2sw.o(Handlers)
    SVC_Handler                              0x08000103   Thumb Code     2  asm_7seg2sw.o(Handlers)
    DebugMon_Handler                         0x08000105   Thumb Code     2  asm_7seg2sw.o(Handlers)
    PendSV_Handler                           0x08000107   Thumb Code     2  asm_7seg2sw.o(Handlers)
    SysTick_Handler                          0x08000109   Thumb Code     2  asm_7seg2sw.o(Handlers)



==============================================================================

Memory Map of the image

  Image entry point : Not specified.

  Load Region LR_IROM1 (Base: 0x08000000, Size: 0x0000010c, Max: 0x00020000, ABSOLUTE)

    Execution Region ER_IROM1 (Exec base: 0x08000000, Load base: 0x08000000, Size: 0x0000010c, Max: 0x00020000, ABSOLUTE)

    Exec Addr    Load Addr    Size         Type   Attr      Idx    E Section Name        Object

    0x08000000   0x08000000   0x00000040   Data   RO            2    RESET               asm_7seg2sw.o
    0x08000040   0x08000040   0x000000b8   Code   RO            3    .text               asm_7seg2sw.o
    0x080000f8   0x080000f8   0x00000012   Code   RO            4    Handlers            asm_7seg2sw.o


    Execution Region RW_IRAM1 (Exec base: 0x20000000, Load base: 0x0800010c, Size: 0x00000400, Max: 0x00002000, ABSOLUTE)

    Exec Addr    Load Addr    Size         Type   Attr      Idx    E Section Name        Object

    0x20000000        -       0x00000400   Zero   RW            1    STACK               asm_7seg2sw.o


==============================================================================

Image component sizes


      Code (inc. data)   RO Data    RW Data    ZI Data      Debug   Object Name

       202        102         64          0       1024        980   asm_7seg2sw.o

    ----------------------------------------------------------------------
       204        102         64          0       1024        980   Object Totals
         0          0          0          0          0          0   (incl. Generated)
         2          0          0          0          0          0   (incl. Padding)

    ----------------------------------------------------------------------
         0          0          0          0          0          0   Library Totals
         0          0          0          0          0          0   (incl. Padding)

    ----------------------------------------------------------------------

==============================================================================


      Code (inc. data)   RO Data    RW Data    ZI Data      Debug   

       204        102         64          0       1024        928   Grand Totals
       204        102         64          0       1024        928   ELF Image Totals
       204        102         64          0          0          0   ROM Totals

==============================================================================

    Total RO  Size (Code + RO Data)                  268 (   0.26kB)
    Total RW  Size (RW Data + ZI Data)              1024 (   1.00kB)
    Total ROM Size (Code + RO Data + RW Data)        268 (   0.26kB)

==============================================================================

