Component: ARM Compiler 5.06 update 5 (build 528) Tool: armlink [4d35e2]

==============================================================================

Section Cross References

    lessn_asm.o(RESET) refers to lessn_asm.o(STACK) for __initial_sp
    lessn_asm.o(RESET) refers to lessn_asm.o(.text) for Reset_Handler


==============================================================================

Image Symbol Table

    Local Symbols

    Symbol Name                              Value     Ov Type        Size  Object(Section)

    lessn_asm.s                              0x00000000   Number         0  lessn_asm.o ABSOLUTE
    RESET                                    0x08000000   Section       64  lessn_asm.o(RESET)
    .text                                    0x08000040   Section       24  lessn_asm.o(.text)
    STACK                                    0x20000000   Section     1024  lessn_asm.o(STACK)
    __initial_sp                             0x20000400   Data           0  lessn_asm.o(STACK)

    Global Symbols

    Symbol Name                              Value     Ov Type        Size  Object(Section)

    BuildAttributes$$THM_ISAv4$P$D$K$B$S$PE$A:L22UL41UL21$X:L11$S22US41US21$IEEE1$IW$USESV6$~STKCKD$USESV7$~SHL$OSPACE$EBA8$STANDARDLIB$PRES8$EABIv2 0x00000000   Number         0  anon$$obj.o ABSOLUTE
    __Vectors                                0x08000000   Data           4  lessn_asm.o(RESET)
    Reset_Handler                            0x08000041   Thumb Code     6  lessn_asm.o(.text)
    NMI_Handler                              0x08000047   Thumb Code     2  lessn_asm.o(.text)
    HardFault_Handler                        0x08000049   Thumb Code     2  lessn_asm.o(.text)
    MemManage_Handler                        0x0800004b   Thumb Code     2  lessn_asm.o(.text)
    BusFault_Handler                         0x0800004d   Thumb Code     2  lessn_asm.o(.text)
    UsageFault_Handler                       0x0800004f   Thumb Code     2  lessn_asm.o(.text)
    SVC_Handler                              0x08000051   Thumb Code     2  lessn_asm.o(.text)
    DebugMon_Handler                         0x08000053   Thumb Code     2  lessn_asm.o(.text)
    PendSV_Handler                           0x08000055   Thumb Code     2  lessn_asm.o(.text)
    SysTick_Handler                          0x08000057   Thumb Code     2  lessn_asm.o(.text)



==============================================================================

Memory Map of the image

  Image entry point : Not specified.

  Load Region LR_IROM1 (Base: 0x08000000, Size: 0x00000058, Max: 0x00020000, ABSOLUTE)

    Execution Region ER_IROM1 (Exec base: 0x08000000, Load base: 0x08000000, Size: 0x00000058, Max: 0x00020000, ABSOLUTE)

    Exec Addr    Load Addr    Size         Type   Attr      Idx    E Section Name        Object

    0x08000000   0x08000000   0x00000040   Data   RO            2    RESET               lessn_asm.o
    0x08000040   0x08000040   0x00000018   Code   RO            3    .text               lessn_asm.o


    Execution Region RW_IRAM1 (Exec base: 0x20000000, Load base: 0x08000058, Size: 0x00000400, Max: 0x00002000, ABSOLUTE)

    Exec Addr    Load Addr    Size         Type   Attr      Idx    E Section Name        Object

    0x20000000        -       0x00000400   Zero   RW            1    STACK               lessn_asm.o


==============================================================================

Image component sizes


      Code (inc. data)   RO Data    RW Data    ZI Data      Debug   Object Name

        24          0         64          0       1024        692   lessn_asm.o

    ----------------------------------------------------------------------
        24          0         64          0       1024        692   Object Totals
         0          0          0          0          0          0   (incl. Generated)
         0          0          0          0          0          0   (incl. Padding)

    ----------------------------------------------------------------------
         0          0          0          0          0          0   Library Totals
         0          0          0          0          0          0   (incl. Padding)

    ----------------------------------------------------------------------

==============================================================================


      Code (inc. data)   RO Data    RW Data    ZI Data      Debug   

        24          0         64          0       1024        692   Grand Totals
        24          0         64          0       1024        692   ELF Image Totals
        24          0         64          0          0          0   ROM Totals

==============================================================================

    Total RO  Size (Code + RO Data)                   88 (   0.09kB)
    Total RW  Size (RW Data + ZI Data)              1024 (   1.00kB)
    Total ROM Size (Code + RO Data + RW Data)         88 (   0.09kB)

==============================================================================

