#-----------------------------------------------------------
# Vivado v2016.4 (64-bit)
# SW Build 1756540 on Mon Jan 23 19:11:23 MST 2017
# IP Build 1755317 on Mon Jan 23 20:30:07 MST 2017
# Start of session at: Mon May 28 13:43:07 2018
# Process ID: 6292
# Current directory: Z:/github/Vivado/UPDOWN_7SEG
# Command line: vivado.exe -gui_launcher_event rodinguilauncherevent9212 Z:\github\Vivado\UPDOWN_7SEG\UPDOWN_7SEG.xpr
# Log file: Z:/github/Vivado/UPDOWN_7SEG/vivado.log
# Journal file: Z:/github/Vivado/UPDOWN_7SEG\vivado.jou
#-----------------------------------------------------------
start_gui
open_project Z:/github/Vivado/UPDOWN_7SEG/UPDOWN_7SEG.xpr
close_project
open_project Z:/github/Vivado/CNT60_ALL/CNT60_ALL.xpr
close_project
open_project Z:/github/Vivado/UPDOWN_7SEG/UPDOWN_7SEG.xpr
close_project
open_project Z:/github/Vivado/CNT60_ALL/CNT60_ALL.xpr
add_files -norecurse Z:/github/Vivado/CNT60_ALL/dcount.v
add_files -norecurse Z:/github/Vivado/CNT60_ALL/CNT60_2.v
add_files -norecurse Z:/github/Vivado/CNT60_ALL/CNT60_ALL.v
add_files -norecurse Z:/github/Vivado/CNT60_ALL/DECODER7.v
set_property SOURCE_SET sources_1 [get_filesets sim_1]
add_files -fileset sim_1 -norecurse Z:/github/Vivado/CNT60_ALL/TEST_CNT60_ALL.v
set_property -name {xsim.simulate.runtime} -value {0ns} -objects [get_filesets sim_1]
launch_simulation
source TEST_CNT60_ALL.tcl
run all
run 10 us
close_sim
launch_simulation
source TEST_CNT60_ALL.tcl
run all
close_sim
launch_simulation
launch_simulation
source TEST_CNT60_ALL.tcl
run all
close_sim
close_project
open_project Z:/github/Vivado/CNT60_ALL/CNT60_ALL.xpr
launch_simulation
source TEST_CNT60_ALL.tcl
run all
close_sim
launch_simulation
source TEST_CNT60_ALL.tcl
run all
close_sim
launch_simulation
source TEST_CNT60_ALL.tcl
run all
close_sim
launch_simulation
source TEST_CNT60_ALL.tcl
