Component: ARM Compiler 5.06 update 5 (build 528) Tool: armlink [4d35e2]

==============================================================================

Section Cross References

    asm_test1.o(RESET) refers to asm_test1.o(STACK) for __initial_sp
    asm_test1.o(RESET) refers to asm_test1.o(.text) for Reset_Handler


==============================================================================

Image Symbol Table

    Local Symbols

    Symbol Name                              Value     Ov Type        Size  Object(Section)

    asm_test1.s                              0x00000000   Number         0  asm_test1.o ABSOLUTE
    RESET                                    0x08000000   Section       64  asm_test1.o(RESET)
    .text                                    0x08000040   Section       32  asm_test1.o(.text)
    STACK                                    0x20000000   Section     1024  asm_test1.o(STACK)
    __initial_sp                             0x20000400   Data           0  asm_test1.o(STACK)

    Global Symbols

    Symbol Name                              Value     Ov Type        Size  Object(Section)

    BuildAttributes$$THM_ISAv4$P$D$K$B$S$PE$A:L22UL41UL21$X:L11$S22US41US21$IEEE1$IW$USESV6$~STKCKD$USESV7$~SHL$OSPACE$EBA8$STANDARDLIB$PRES8$EABIv2 0x00000000   Number         0  anon$$obj.o ABSOLUTE
    __Vectors                                0x08000000   Data           4  asm_test1.o(RESET)
    Reset_Handler                            0x08000041   Thumb Code    14  asm_test1.o(.text)
    NMI_Handler                              0x0800004f   Thumb Code     2  asm_test1.o(.text)
    HardFault_Handler                        0x08000051   Thumb Code     2  asm_test1.o(.text)
    MemManage_Handler                        0x08000053   Thumb Code     2  asm_test1.o(.text)
    BusFault_Handler                         0x08000055   Thumb Code     2  asm_test1.o(.text)
    UsageFault_Handler                       0x08000057   Thumb Code     2  asm_test1.o(.text)
    SVC_Handler                              0x08000059   Thumb Code     2  asm_test1.o(.text)
    DebugMon_Handler                         0x0800005b   Thumb Code     2  asm_test1.o(.text)
    PendSV_Handler                           0x0800005d   Thumb Code     2  asm_test1.o(.text)
    SysTick_Handler                          0x0800005f   Thumb Code     2  asm_test1.o(.text)



==============================================================================

Memory Map of the image

  Image entry point : Not specified.

  Load Region LR_IROM1 (Base: 0x08000000, Size: 0x00000060, Max: 0x00020000, ABSOLUTE)

    Execution Region ER_IROM1 (Exec base: 0x08000000, Load base: 0x08000000, Size: 0x00000060, Max: 0x00020000, ABSOLUTE)

    Exec Addr    Load Addr    Size         Type   Attr      Idx    E Section Name        Object

    0x08000000   0x08000000   0x00000040   Data   RO            2    RESET               asm_test1.o
    0x08000040   0x08000040   0x00000020   Code   RO            3    .text               asm_test1.o


    Execution Region RW_IRAM1 (Exec base: 0x20000000, Load base: 0x08000060, Size: 0x00000400, Max: 0x00002000, ABSOLUTE)

    Exec Addr    Load Addr    Size         Type   Attr      Idx    E Section Name        Object

    0x20000000        -       0x00000400   Zero   RW            1    STACK               asm_test1.o


==============================================================================

Image component sizes


      Code (inc. data)   RO Data    RW Data    ZI Data      Debug   Object Name

        32          0         64          0       1024        696   asm_test1.o

    ----------------------------------------------------------------------
        32          0         64          0       1024        696   Object Totals
         0          0          0          0          0          0   (incl. Generated)
         0          0          0          0          0          0   (incl. Padding)

    ----------------------------------------------------------------------
         0          0          0          0          0          0   Library Totals
         0          0          0          0          0          0   (incl. Padding)

    ----------------------------------------------------------------------

==============================================================================


      Code (inc. data)   RO Data    RW Data    ZI Data      Debug   

        32          0         64          0       1024        696   Grand Totals
        32          0         64          0       1024        696   ELF Image Totals
        32          0         64          0          0          0   ROM Totals

==============================================================================

    Total RO  Size (Code + RO Data)                   96 (   0.09kB)
    Total RW  Size (RW Data + ZI Data)              1024 (   1.00kB)
    Total ROM Size (Code + RO Data + RW Data)         96 (   0.09kB)

==============================================================================

