Component: ARM Compiler 5.06 update 5 (build 528) Tool: armlink [4d35e2]

==============================================================================

Section Cross References

    asm_kisuu.o(RESET) refers to asm_kisuu.o(STACK) for __initial_sp
    asm_kisuu.o(RESET) refers to asm_kisuu.o(.text) for Reset_Handler
    asm_kisuu.o(RESET) refers to asm_kisuu.o(Handlers) for NMI_Handler
    asm_kisuu.o(.text) refers to asm_kisuu.o(MyData) for ans


==============================================================================

Image Symbol Table

    Local Symbols

    Symbol Name                              Value     Ov Type        Size  Object(Section)

    asm_kisuu.s                              0x00000000   Number         0  asm_kisuu.o ABSOLUTE
    RESET                                    0x08000000   Section       64  asm_kisuu.o(RESET)
    .text                                    0x08000040   Section       28  asm_kisuu.o(.text)
    Handlers                                 0x0800005c   Section       18  asm_kisuu.o(Handlers)
    MyData                                   0x20000000   Section       20  asm_kisuu.o(MyData)
    ans                                      0x20000000   Data           4  asm_kisuu.o(MyData)
    STACK                                    0x20000018   Section     1024  asm_kisuu.o(STACK)
    __initial_sp                             0x20000418   Data           0  asm_kisuu.o(STACK)

    Global Symbols

    Symbol Name                              Value     Ov Type        Size  Object(Section)

    BuildAttributes$$THM_ISAv4$P$D$K$B$S$PE$A:L22UL41UL21$X:L11$S22US41US21$IEEE1$IW$USESV6$~STKCKD$USESV7$~SHL$OSPACE$EBA8$STANDARDLIB$PRES8$EABIv2 0x00000000   Number         0  anon$$obj.o ABSOLUTE
    __Vectors                                0x08000000   Data           4  asm_kisuu.o(RESET)
    Reset_Handler                            0x08000041   Thumb Code    24  asm_kisuu.o(.text)
    NMI_Handler                              0x0800005d   Thumb Code     2  asm_kisuu.o(Handlers)
    HardFault_Handler                        0x0800005f   Thumb Code     2  asm_kisuu.o(Handlers)
    MemManage_Handler                        0x08000061   Thumb Code     2  asm_kisuu.o(Handlers)
    BusFault_Handler                         0x08000063   Thumb Code     2  asm_kisuu.o(Handlers)
    UsageFault_Handler                       0x08000065   Thumb Code     2  asm_kisuu.o(Handlers)
    SVC_Handler                              0x08000067   Thumb Code     2  asm_kisuu.o(Handlers)
    DebugMon_Handler                         0x08000069   Thumb Code     2  asm_kisuu.o(Handlers)
    PendSV_Handler                           0x0800006b   Thumb Code     2  asm_kisuu.o(Handlers)
    SysTick_Handler                          0x0800006d   Thumb Code     2  asm_kisuu.o(Handlers)



==============================================================================

Memory Map of the image

  Image entry point : Not specified.

  Load Region LR_IROM1 (Base: 0x08000000, Size: 0x00000084, Max: 0x00020000, ABSOLUTE)

    Execution Region ER_IROM1 (Exec base: 0x08000000, Load base: 0x08000000, Size: 0x00000070, Max: 0x00020000, ABSOLUTE)

    Exec Addr    Load Addr    Size         Type   Attr      Idx    E Section Name        Object

    0x08000000   0x08000000   0x00000040   Data   RO            2    RESET               asm_kisuu.o
    0x08000040   0x08000040   0x0000001c   Code   RO            3    .text               asm_kisuu.o
    0x0800005c   0x0800005c   0x00000012   Code   RO            5    Handlers            asm_kisuu.o


    Execution Region RW_IRAM1 (Exec base: 0x20000000, Load base: 0x08000070, Size: 0x00000418, Max: 0x00002000, ABSOLUTE)

    Exec Addr    Load Addr    Size         Type   Attr      Idx    E Section Name        Object

    0x20000000   0x08000070   0x00000014   Data   RW            4    MyData              asm_kisuu.o
    0x20000014   0x08000084   0x00000004   PAD
    0x20000018        -       0x00000400   Zero   RW            1    STACK               asm_kisuu.o


==============================================================================

Image component sizes


      Code (inc. data)   RO Data    RW Data    ZI Data      Debug   Object Name

        46          6         64         20       1024        944   asm_kisuu.o

    ----------------------------------------------------------------------
        48          6         64         20       1028        944   Object Totals
         0          0          0          0          0          0   (incl. Generated)
         2          0          0          0          4          0   (incl. Padding)

    ----------------------------------------------------------------------
         0          0          0          0          0          0   Library Totals
         0          0          0          0          0          0   (incl. Padding)

    ----------------------------------------------------------------------

==============================================================================


      Code (inc. data)   RO Data    RW Data    ZI Data      Debug   

        48          6         64         20       1028        892   Grand Totals
        48          6         64         20       1028        892   ELF Image Totals
        48          6         64         20          0          0   ROM Totals

==============================================================================

    Total RO  Size (Code + RO Data)                  112 (   0.11kB)
    Total RW  Size (RW Data + ZI Data)              1048 (   1.02kB)
    Total ROM Size (Code + RO Data + RW Data)        132 (   0.13kB)

==============================================================================

