Component: ARM Compiler 5.06 update 5 (build 528) Tool: armlink [4d35e2]

==============================================================================

Section Cross References

    asm_kadai1.o(RESET) refers to asm_kadai1.o(STACK) for __initial_sp
    asm_kadai1.o(RESET) refers to asm_kadai1.o(.text) for Reset_Handler
    asm_kadai1.o(RESET) refers to asm_kadai1.o(Handlers) for NMI_Handler
    asm_kadai1.o(.text) refers to asm_kadai1.o(MyData) for ans1


==============================================================================

Image Symbol Table

    Local Symbols

    Symbol Name                              Value     Ov Type        Size  Object(Section)

    asm_kadai1.s                             0x00000000   Number         0  asm_kadai1.o ABSOLUTE
    RESET                                    0x08000000   Section       64  asm_kadai1.o(RESET)
    .text                                    0x08000040   Section       48  asm_kadai1.o(.text)
    Handlers                                 0x08000070   Section       20  asm_kadai1.o(Handlers)
    MyData                                   0x20000000   Section       12  asm_kadai1.o(MyData)
    ans1                                     0x20000000   Data           4  asm_kadai1.o(MyData)
    ans2                                     0x20000004   Data           4  asm_kadai1.o(MyData)
    ans3                                     0x20000008   Data           4  asm_kadai1.o(MyData)
    STACK                                    0x20000010   Section     1024  asm_kadai1.o(STACK)
    __initial_sp                             0x20000410   Data           0  asm_kadai1.o(STACK)

    Global Symbols

    Symbol Name                              Value     Ov Type        Size  Object(Section)

    BuildAttributes$$THM_ISAv4$P$D$K$B$S$PE$A:L22UL41UL21$X:L11$S22US41US21$IEEE1$IW$USESV6$~STKCKD$USESV7$~SHL$OSPACE$EBA8$STANDARDLIB$PRES8$EABIv2 0x00000000   Number         0  anon$$obj.o ABSOLUTE
    __Vectors                                0x08000000   Data           4  asm_kadai1.o(RESET)
    Reset_Handler                            0x08000041   Thumb Code    36  asm_kadai1.o(.text)
    NMI_Handler                              0x08000073   Thumb Code     2  asm_kadai1.o(Handlers)
    HardFault_Handler                        0x08000075   Thumb Code     2  asm_kadai1.o(Handlers)
    MemManage_Handler                        0x08000077   Thumb Code     2  asm_kadai1.o(Handlers)
    BusFault_Handler                         0x08000079   Thumb Code     2  asm_kadai1.o(Handlers)
    UsageFault_Handler                       0x0800007b   Thumb Code     2  asm_kadai1.o(Handlers)
    SVC_Handler                              0x0800007d   Thumb Code     2  asm_kadai1.o(Handlers)
    DebugMon_Handler                         0x0800007f   Thumb Code     2  asm_kadai1.o(Handlers)
    PendSV_Handler                           0x08000081   Thumb Code     2  asm_kadai1.o(Handlers)
    SysTick_Handler                          0x08000083   Thumb Code     2  asm_kadai1.o(Handlers)



==============================================================================

Memory Map of the image

  Image entry point : Not specified.

  Load Region LR_IROM1 (Base: 0x08000000, Size: 0x00000090, Max: 0x00020000, ABSOLUTE)

    Execution Region ER_IROM1 (Exec base: 0x08000000, Load base: 0x08000000, Size: 0x00000084, Max: 0x00020000, ABSOLUTE)

    Exec Addr    Load Addr    Size         Type   Attr      Idx    E Section Name        Object

    0x08000000   0x08000000   0x00000040   Data   RO            2    RESET               asm_kadai1.o
    0x08000040   0x08000040   0x00000030   Code   RO            3    .text               asm_kadai1.o
    0x08000070   0x08000070   0x00000014   Code   RO            5    Handlers            asm_kadai1.o


    Execution Region RW_IRAM1 (Exec base: 0x20000000, Load base: 0x08000084, Size: 0x00000410, Max: 0x00002000, ABSOLUTE)

    Exec Addr    Load Addr    Size         Type   Attr      Idx    E Section Name        Object

    0x20000000   0x08000084   0x0000000c   Data   RW            4    MyData              asm_kadai1.o
    0x2000000c   0x08000090   0x00000004   PAD
    0x20000010        -       0x00000400   Zero   RW            1    STACK               asm_kadai1.o


==============================================================================

Image component sizes


      Code (inc. data)   RO Data    RW Data    ZI Data      Debug   Object Name

        68         14         64         12       1024        948   asm_kadai1.o

    ----------------------------------------------------------------------
        68         14         64         12       1028        948   Object Totals
         0          0          0          0          0          0   (incl. Generated)
         0          0          0          0          4          0   (incl. Padding)

    ----------------------------------------------------------------------
         0          0          0          0          0          0   Library Totals
         0          0          0          0          0          0   (incl. Padding)

    ----------------------------------------------------------------------

==============================================================================


      Code (inc. data)   RO Data    RW Data    ZI Data      Debug   

        68         14         64         12       1028        896   Grand Totals
        68         14         64         12       1028        896   ELF Image Totals
        68         14         64         12          0          0   ROM Totals

==============================================================================

    Total RO  Size (Code + RO Data)                  132 (   0.13kB)
    Total RW  Size (RW Data + ZI Data)              1040 (   1.02kB)
    Total ROM Size (Code + RO Data + RW Data)        144 (   0.14kB)

==============================================================================

