Component: ARM Compiler 5.06 update 5 (build 528) Tool: armlink [4d35e2]

==============================================================================

Section Cross References

    tbl_1.o(RESET) refers to tbl_1.o(STACK) for __initial_sp
    tbl_1.o(RESET) refers to tbl_1.o(.text) for Reset_Handler
    tbl_1.o(RESET) refers to tbl_1.o(Handlers) for NMI_Handler


==============================================================================

Image Symbol Table

    Local Symbols

    Symbol Name                              Value     Ov Type        Size  Object(Section)

    tbl_1.s                                  0x00000000   Number         0  tbl_1.o ABSOLUTE
    RESET                                    0x08000000   Section       64  tbl_1.o(RESET)
    .text                                    0x08000040   Section      188  tbl_1.o(.text)
    data                                     0x080000bc   Data           4  tbl_1.o(.text)
    dataend                                  0x080000dc   Data           0  tbl_1.o(.text)
    Handlers                                 0x080000fc   Section       18  tbl_1.o(Handlers)
    STACK                                    0x20000000   Section     1024  tbl_1.o(STACK)
    __initial_sp                             0x20000400   Data           0  tbl_1.o(STACK)

    Global Symbols

    Symbol Name                              Value     Ov Type        Size  Object(Section)

    BuildAttributes$$THM_ISAv4$P$D$K$B$S$PE$A:L22UL41UL21$X:L11$S22US41US21$IEEE1$IW$USESV6$~STKCKD$USESV7$~SHL$OSPACE$EBA8$STANDARDLIB$PRES8$EABIv2 0x00000000   Number         0  anon$$obj.o ABSOLUTE
    __Vectors                                0x08000000   Data           4  tbl_1.o(RESET)
    Reset_Handler                            0x08000041   Thumb Code   122  tbl_1.o(.text)
    NMI_Handler                              0x080000fd   Thumb Code     2  tbl_1.o(Handlers)
    HardFault_Handler                        0x080000ff   Thumb Code     2  tbl_1.o(Handlers)
    MemManage_Handler                        0x08000101   Thumb Code     2  tbl_1.o(Handlers)
    BusFault_Handler                         0x08000103   Thumb Code     2  tbl_1.o(Handlers)
    UsageFault_Handler                       0x08000105   Thumb Code     2  tbl_1.o(Handlers)
    SVC_Handler                              0x08000107   Thumb Code     2  tbl_1.o(Handlers)
    DebugMon_Handler                         0x08000109   Thumb Code     2  tbl_1.o(Handlers)
    PendSV_Handler                           0x0800010b   Thumb Code     2  tbl_1.o(Handlers)
    SysTick_Handler                          0x0800010d   Thumb Code     2  tbl_1.o(Handlers)



==============================================================================

Memory Map of the image

  Image entry point : Not specified.

  Load Region LR_IROM1 (Base: 0x08000000, Size: 0x00000110, Max: 0x00020000, ABSOLUTE)

    Execution Region ER_IROM1 (Exec base: 0x08000000, Load base: 0x08000000, Size: 0x00000110, Max: 0x00020000, ABSOLUTE)

    Exec Addr    Load Addr    Size         Type   Attr      Idx    E Section Name        Object

    0x08000000   0x08000000   0x00000040   Data   RO            2    RESET               tbl_1.o
    0x08000040   0x08000040   0x000000bc   Code   RO            3    .text               tbl_1.o
    0x080000fc   0x080000fc   0x00000012   Code   RO            4    Handlers            tbl_1.o


    Execution Region RW_IRAM1 (Exec base: 0x20000000, Load base: 0x08000110, Size: 0x00000400, Max: 0x00002000, ABSOLUTE)

    Exec Addr    Load Addr    Size         Type   Attr      Idx    E Section Name        Object

    0x20000000        -       0x00000400   Zero   RW            1    STACK               tbl_1.o


==============================================================================

Image component sizes


      Code (inc. data)   RO Data    RW Data    ZI Data      Debug   Object Name

       206         66         64          0       1024        956   tbl_1.o

    ----------------------------------------------------------------------
       208         66         64          0       1024        956   Object Totals
         0          0          0          0          0          0   (incl. Generated)
         2          0          0          0          0          0   (incl. Padding)

    ----------------------------------------------------------------------
         0          0          0          0          0          0   Library Totals
         0          0          0          0          0          0   (incl. Padding)

    ----------------------------------------------------------------------

==============================================================================


      Code (inc. data)   RO Data    RW Data    ZI Data      Debug   

       208         66         64          0       1024        904   Grand Totals
       208         66         64          0       1024        904   ELF Image Totals
       208         66         64          0          0          0   ROM Totals

==============================================================================

    Total RO  Size (Code + RO Data)                  272 (   0.27kB)
    Total RW  Size (RW Data + ZI Data)              1024 (   1.00kB)
    Total ROM Size (Code + RO Data + RW Data)        272 (   0.27kB)

==============================================================================

