


ARM Macro Assembler    Page 1 


    1 00000000         ;*******************************************************
                       ************************
    2 00000000         ; template for asm exerciseÅ@with RAM AREA
    3 00000000         ;*******************************************************
                       ************************
    4 00000000         
    5 00000000         
    6 00000000 00000400 
                       Stack_Size
                               EQU              0x00000400
    7 00000000         
    8 00000000 40010800 
                       GPIOA_CRL
                               EQU              0x40010800
    9 00000000 40010804 
                       GPIOA_CRH
                               EQU              0x40010804
   10 00000000 40010808 
                       GPIOA_IDR
                               EQU              0x40010808
   11 00000000 4001080C 
                       GPIOA_ODR
                               EQU              0x4001080C
   12 00000000 40010C00 
                       GPIOB_CRL
                               EQU              0x40010C00
   13 00000000 40010C04 
                       GPIOB_CRH
                               EQU              0x40010C04
   14 00000000 40010C08 
                       GPIOB_IDR
                               EQU              0x40010C08
   15 00000000 40010C0C 
                       GPIOB_ODR
                               EQU              0x40010C0C
   16 00000000 40021018 
                       RCC_APB2ENR
                               EQU              0x40021018
   17 00000000         
   18 00000000         
   19 00000000         
   20 00000000                 AREA             STACK, NOINIT, READWRITE, ALIGN
=3 
                                                            ;<--STACKÉZÉNÉVÉáÉì
                                                            ÇÕREADWRITEÇ≈RAMè„Ç
                                                            …
   21 00000000         Stack_Mem
                               SPACE            Stack_Size
   22 00000400         __initial_sp
   23 00000400         
   24 00000400         
   25 00000400                 PRESERVE8
   26 00000400                 THUMB
   27 00000400         
   28 00000400         
   29 00000400         ; Vector Table Mapped to Address 0 at Reset
   30 00000400                 AREA             RESET, DATA, READONLY ;<--Ç±Ç±Ç
                                                            ©ÇÁêÊÇÕRESETÉZÉNÉVÉ
                                                            áÉìÇ≈READONLYÇ»ÇÃÇ≈



ARM Macro Assembler    Page 2 


                                                            ROMè„Ç…
   31 00000000                 EXPORT           __Vectors
   32 00000000         
   33 00000000 00000000 
                       __Vectors
                               DCD              __initial_sp ; Top of Stack
   34 00000004 00000000        DCD              Reset_Handler ; Reset Handler
   35 00000008 00000000        DCD              NMI_Handler ; NMI Handler
   36 0000000C 00000000        DCD              HardFault_Handler ; Hard Fault 
                                                            Handler
   37 00000010 00000000        DCD              MemManage_Handler 
                                                            ; MPU Fault Handler
                                                            
   38 00000014 00000000        DCD              BusFault_Handler 
                                                            ; Bus Fault Handler
                                                            
   39 00000018 00000000        DCD              UsageFault_Handler ; Usage Faul
                                                            t Handler
   40 0000001C 00000000        DCD              0           ; Reserved
   41 00000020 00000000        DCD              0           ; Reserved
   42 00000024 00000000        DCD              0           ; Reserved
   43 00000028 00000000        DCD              0           ; Reserved
   44 0000002C 00000000        DCD              SVC_Handler ; SVCall Handler
   45 00000030 00000000        DCD              DebugMon_Handler ; Debug Monito
                                                            r Handler
   46 00000034 00000000        DCD              0           ; Reserved
   47 00000038 00000000        DCD              PendSV_Handler ; PendSV Handler
                                                            
   48 0000003C 00000000        DCD              SysTick_Handler 
                                                            ; SysTick Handler
   49 00000040         
   50 00000040         
   51 00000040                 AREA             |.text|, CODE, READONLY ;<--Ç±Ç
                                                            ±Ç©ÇÁÇÕÉvÉçÉOÉâÉÄÇÃ
                                                            ñ{ëÃÅAREADONLYÇ»ÇÃÇ
                                                            ≈ROMè„Ç…
   52 00000000         
   53 00000000         ; Reset handler
   54 00000000         Reset_Handler
                               PROC
   55 00000000                 EXPORT           Reset_Handler             [WEAK
]
   56 00000000         ; ******************************************************
                       ***************
   57 00000000         ; kadai program is here    
   58 00000000         ; ******************************************************
                       ***************
   59 00000000         ;   LDR  R4,=RCC_APB2ENR   ;É|Å|ÉgÇÃèâä˙âª
   60 00000000         ;   MOV  R5,#0X04
   61 00000000         ;   STR  R5,[R4]
   62 00000000         ;   LDR  R1,=0X33333333
   63 00000000         ;   LDR  R2,=GPIOA_CRL
   64 00000000         ;   STR  R1,[R2]
   65 00000000         
   66 00000000         ;   LDR  R3,=GPIOA_ODR
   67 00000000         
   68 00000000 F04F 000A       MOV              R0,#10
   69 00000004 4904            LDR              R1,=ans
   70 00000006         



ARM Macro Assembler    Page 3 


   71 00000006         LOOP
   72 00000006 F010 0201       ANDS             R2,R0,#1
   73 0000000A BF04 6008       STREQ            R0,[R1]
   74 0000000E 3104            ADDEQ            R1,#4
   75 00000010         
   76 00000010         
   77 00000010 3801            SUBS             R0,#1
   78 00000012 DAF8            BGE              LOOP
   79 00000014         
   80 00000014 E7FE            B                .
   81 00000016         
   82 00000016         
   83 00000016 00 00           ALIGN            4           ; <-- Ç±Ç±Ç≈ÇSÉoÉCÉ
                                                            gãÊêÿÇËÇ…í≤êÆ
   84 00000018         
   85 00000018                 ENDP
   86 00000018         
   87 00000018 00000000        AREA             MyData, DATA, READWRITE ;<--MyD
                                                            ataÉZÉNÉVÉáÉìÇÕÅADA
                                                            TAÇ≈RAMè„Ç…
   88 00000000         
   89 00000000 00 00 00 
              00       ans     space            4
   90 00000004 00 00 00 
              00               space            4
   91 00000008 00 00 00 
              00               space            4
   92 0000000C 00 00 00 
              00               space            4
   93 00000010 00 00 00 
              00               space            4
   94 00000014         endans
   95 00000014         
   96 00000014         
   97 00000014         
   98 00000014                 AREA             Handlers, CODE, READONLY ;<--Ha
                                                            ndlersÉZÉNÉVÉáÉìÇÕR
                                                            OMè„Ç…
   99 00000000         
  100 00000000         ; Dummy Exception Handlers (infinite loops which can be 
                       modified)
  101 00000000         
  102 00000000         NMI_Handler
                               PROC
  103 00000000                 EXPORT           NMI_Handler                [WEA
K]
  104 00000000 E7FE            B                .
  105 00000002                 ENDP
  107 00000002         HardFault_Handler
                               PROC
  108 00000002                 EXPORT           HardFault_Handler          [WEA
K]
  109 00000002 E7FE            B                .
  110 00000004                 ENDP
  112 00000004         MemManage_Handler
                               PROC
  113 00000004                 EXPORT           MemManage_Handler          [WEA
K]
  114 00000004 E7FE            B                .



ARM Macro Assembler    Page 4 


  115 00000006                 ENDP
  117 00000006         BusFault_Handler
                               PROC
  118 00000006                 EXPORT           BusFault_Handler           [WEA
K]
  119 00000006 E7FE            B                .
  120 00000008                 ENDP
  122 00000008         UsageFault_Handler
                               PROC
  123 00000008                 EXPORT           UsageFault_Handler         [WEA
K]
  124 00000008 E7FE            B                .
  125 0000000A                 ENDP
  126 0000000A         SVC_Handler
                               PROC
  127 0000000A                 EXPORT           SVC_Handler                [WEA
K]
  128 0000000A E7FE            B                .
  129 0000000C                 ENDP
  131 0000000C         DebugMon_Handler
                               PROC
  132 0000000C                 EXPORT           DebugMon_Handler           [WEA
K]
  133 0000000C E7FE            B                .
  134 0000000E                 ENDP
  135 0000000E         PendSV_Handler
                               PROC
  136 0000000E                 EXPORT           PendSV_Handler             [WEA
K]
  137 0000000E E7FE            B                .
  138 00000010                 ENDP
  139 00000010         SysTick_Handler
                               PROC
  140 00000010                 EXPORT           SysTick_Handler            [WEA
K]
  141 00000010 E7FE            B                .
  142 00000012                 ENDP
  143 00000012         
  144 00000012         
  145 00000012                 END
Command Line: --debug --xref --diag_suppress=9931 --cpu=Cortex-M3 --apcs=interw
ork --depend=.\objects\asm_guusuu.d -o.\objects\asm_guusuu.o -I.\RTE\_Target_1 
-IC:\Keil_v5\ARM\PACK\Keil\STM32F1xx_DFP\2.2.0\Device\Include -IC:\Keil_v5\ARM\
CMSIS\Include --predefine="__UVISION_VERSION SETA 524" --predefine="STM32F10X_M
D_VL SETA 1" --list=.\listings\asm_guusuu.lst asm_guusuu.s



ARM Macro Assembler    Page 1 Alphabetic symbol ordering
Relocatable symbols

STACK 00000000

Symbol: STACK
   Definitions
      At line 20 in file asm_guusuu.s
   Uses
      None
Comment: STACK unused
Stack_Mem 00000000

Symbol: Stack_Mem
   Definitions
      At line 21 in file asm_guusuu.s
   Uses
      None
Comment: Stack_Mem unused
__initial_sp 00000400

Symbol: __initial_sp
   Definitions
      At line 22 in file asm_guusuu.s
   Uses
      At line 33 in file asm_guusuu.s
Comment: __initial_sp used once
3 symbols



ARM Macro Assembler    Page 1 Alphabetic symbol ordering
Relocatable symbols

RESET 00000000

Symbol: RESET
   Definitions
      At line 30 in file asm_guusuu.s
   Uses
      None
Comment: RESET unused
__Vectors 00000000

Symbol: __Vectors
   Definitions
      At line 33 in file asm_guusuu.s
   Uses
      At line 31 in file asm_guusuu.s
Comment: __Vectors used once
2 symbols



ARM Macro Assembler    Page 1 Alphabetic symbol ordering
Relocatable symbols

.text 00000000

Symbol: .text
   Definitions
      At line 51 in file asm_guusuu.s
   Uses
      None
Comment: .text unused
LOOP 00000006

Symbol: LOOP
   Definitions
      At line 71 in file asm_guusuu.s
   Uses
      At line 78 in file asm_guusuu.s
Comment: LOOP used once
Reset_Handler 00000000

Symbol: Reset_Handler
   Definitions
      At line 54 in file asm_guusuu.s
   Uses
      At line 34 in file asm_guusuu.s
      At line 55 in file asm_guusuu.s

3 symbols



ARM Macro Assembler    Page 1 Alphabetic symbol ordering
Relocatable symbols

MyData 00000000

Symbol: MyData
   Definitions
      At line 87 in file asm_guusuu.s
   Uses
      None
Comment: MyData unused
ans 00000000

Symbol: ans
   Definitions
      At line 89 in file asm_guusuu.s
   Uses
      At line 69 in file asm_guusuu.s
Comment: ans used once
endans 00000014

Symbol: endans
   Definitions
      At line 94 in file asm_guusuu.s
   Uses
      None
Comment: endans unused
3 symbols



ARM Macro Assembler    Page 1 Alphabetic symbol ordering
Relocatable symbols

BusFault_Handler 00000006

Symbol: BusFault_Handler
   Definitions
      At line 117 in file asm_guusuu.s
   Uses
      At line 38 in file asm_guusuu.s
      At line 118 in file asm_guusuu.s

DebugMon_Handler 0000000C

Symbol: DebugMon_Handler
   Definitions
      At line 131 in file asm_guusuu.s
   Uses
      At line 45 in file asm_guusuu.s
      At line 132 in file asm_guusuu.s

Handlers 00000000

Symbol: Handlers
   Definitions
      At line 98 in file asm_guusuu.s
   Uses
      None
Comment: Handlers unused
HardFault_Handler 00000002

Symbol: HardFault_Handler
   Definitions
      At line 107 in file asm_guusuu.s
   Uses
      At line 36 in file asm_guusuu.s
      At line 108 in file asm_guusuu.s

MemManage_Handler 00000004

Symbol: MemManage_Handler
   Definitions
      At line 112 in file asm_guusuu.s
   Uses
      At line 37 in file asm_guusuu.s
      At line 113 in file asm_guusuu.s

NMI_Handler 00000000

Symbol: NMI_Handler
   Definitions
      At line 102 in file asm_guusuu.s
   Uses
      At line 35 in file asm_guusuu.s
      At line 103 in file asm_guusuu.s

PendSV_Handler 0000000E

Symbol: PendSV_Handler
   Definitions
      At line 135 in file asm_guusuu.s
   Uses



ARM Macro Assembler    Page 2 Alphabetic symbol ordering
Relocatable symbols

      At line 47 in file asm_guusuu.s
      At line 136 in file asm_guusuu.s

SVC_Handler 0000000A

Symbol: SVC_Handler
   Definitions
      At line 126 in file asm_guusuu.s
   Uses
      At line 44 in file asm_guusuu.s
      At line 127 in file asm_guusuu.s

SysTick_Handler 00000010

Symbol: SysTick_Handler
   Definitions
      At line 139 in file asm_guusuu.s
   Uses
      At line 48 in file asm_guusuu.s
      At line 140 in file asm_guusuu.s

UsageFault_Handler 00000008

Symbol: UsageFault_Handler
   Definitions
      At line 122 in file asm_guusuu.s
   Uses
      At line 39 in file asm_guusuu.s
      At line 123 in file asm_guusuu.s

10 symbols



ARM Macro Assembler    Page 1 Alphabetic symbol ordering
Absolute symbols

GPIOA_CRH 40010804

Symbol: GPIOA_CRH
   Definitions
      At line 9 in file asm_guusuu.s
   Uses
      None
Comment: GPIOA_CRH unused
GPIOA_CRL 40010800

Symbol: GPIOA_CRL
   Definitions
      At line 8 in file asm_guusuu.s
   Uses
      None
Comment: GPIOA_CRL unused
GPIOA_IDR 40010808

Symbol: GPIOA_IDR
   Definitions
      At line 10 in file asm_guusuu.s
   Uses
      None
Comment: GPIOA_IDR unused
GPIOA_ODR 4001080C

Symbol: GPIOA_ODR
   Definitions
      At line 11 in file asm_guusuu.s
   Uses
      None
Comment: GPIOA_ODR unused
GPIOB_CRH 40010C04

Symbol: GPIOB_CRH
   Definitions
      At line 13 in file asm_guusuu.s
   Uses
      None
Comment: GPIOB_CRH unused
GPIOB_CRL 40010C00

Symbol: GPIOB_CRL
   Definitions
      At line 12 in file asm_guusuu.s
   Uses
      None
Comment: GPIOB_CRL unused
GPIOB_IDR 40010C08

Symbol: GPIOB_IDR
   Definitions
      At line 14 in file asm_guusuu.s
   Uses
      None
Comment: GPIOB_IDR unused
GPIOB_ODR 40010C0C

Symbol: GPIOB_ODR



ARM Macro Assembler    Page 2 Alphabetic symbol ordering
Absolute symbols

   Definitions
      At line 15 in file asm_guusuu.s
   Uses
      None
Comment: GPIOB_ODR unused
RCC_APB2ENR 40021018

Symbol: RCC_APB2ENR
   Definitions
      At line 16 in file asm_guusuu.s
   Uses
      None
Comment: RCC_APB2ENR unused
Stack_Size 00000400

Symbol: Stack_Size
   Definitions
      At line 6 in file asm_guusuu.s
   Uses
      At line 21 in file asm_guusuu.s
Comment: Stack_Size used once
10 symbols
365 symbols in table
